plain dense 10000 repeat 1
plain forces 10000 repeat 1
plain churn 10000 repeat 1
plain burst 10000 repeat 1
plain sparse 10000 repeat 1
plain sparse_control 10000 repeat 1
plain sort 10000 repeat 1
plain bloom 10000 repeat 1
plain refraction_simple 10000 repeat 1
plain refraction_depth 10000 repeat 1
plain refraction_noise 10000 repeat 1
plain dense 100000 repeat 1
plain forces 100000 repeat 1
plain churn 100000 repeat 1
plain burst 100000 repeat 1
plain sparse 100000 repeat 1
plain sparse_control 100000 repeat 1
plain sort 100000 repeat 1
plain bloom 100000 repeat 1
plain refraction_simple 100000 repeat 1
plain refraction_depth 100000 repeat 1
plain refraction_noise 100000 repeat 1
plain dense 1000000 repeat 1
plain forces 1000000 repeat 1
plain churn 1000000 repeat 1
plain burst 1000000 repeat 1
plain sparse 1000000 repeat 1
plain sparse_control 1000000 repeat 1
plain sort 1000000 repeat 1
plain bloom 1000000 repeat 1
plain refraction_simple 1000000 repeat 1
plain refraction_depth 1000000 repeat 1
plain refraction_noise 1000000 repeat 1
plain refraction_noise 10000 repeat 2
plain refraction_depth 10000 repeat 2
plain refraction_simple 10000 repeat 2
plain bloom 10000 repeat 2
plain sort 10000 repeat 2
plain sparse_control 10000 repeat 2
plain sparse 10000 repeat 2
plain burst 10000 repeat 2
plain churn 10000 repeat 2
plain forces 10000 repeat 2
plain dense 10000 repeat 2
plain refraction_noise 100000 repeat 2
plain refraction_depth 100000 repeat 2
plain refraction_simple 100000 repeat 2
plain bloom 100000 repeat 2
plain sort 100000 repeat 2
plain sparse_control 100000 repeat 2
plain sparse 100000 repeat 2
plain burst 100000 repeat 2
plain churn 100000 repeat 2
plain forces 100000 repeat 2
plain dense 100000 repeat 2
plain refraction_noise 1000000 repeat 2
plain refraction_depth 1000000 repeat 2
plain refraction_simple 1000000 repeat 2
plain bloom 1000000 repeat 2
plain sort 1000000 repeat 2
plain sparse_control 1000000 repeat 2
plain sparse 1000000 repeat 2
plain burst 1000000 repeat 2
plain churn 1000000 repeat 2
plain forces 1000000 repeat 2
plain dense 1000000 repeat 2
plain dense 10000 repeat 3
plain forces 10000 repeat 3
plain churn 10000 repeat 3
plain burst 10000 repeat 3
plain sparse 10000 repeat 3
plain sparse_control 10000 repeat 3
plain sort 10000 repeat 3
plain bloom 10000 repeat 3
plain refraction_simple 10000 repeat 3
plain refraction_depth 10000 repeat 3
plain refraction_noise 10000 repeat 3
plain dense 100000 repeat 3
plain forces 100000 repeat 3
plain churn 100000 repeat 3
plain burst 100000 repeat 3
plain sparse 100000 repeat 3
plain sparse_control 100000 repeat 3
plain sort 100000 repeat 3
plain bloom 100000 repeat 3
plain refraction_simple 100000 repeat 3
plain refraction_depth 100000 repeat 3
plain refraction_noise 100000 repeat 3
plain dense 1000000 repeat 3
plain forces 1000000 repeat 3
plain churn 1000000 repeat 3
plain burst 1000000 repeat 3
plain sparse 1000000 repeat 3
plain sparse_control 1000000 repeat 3
plain sort 1000000 repeat 3
plain bloom 1000000 repeat 3
plain refraction_simple 1000000 repeat 3
plain refraction_depth 1000000 repeat 3
plain refraction_noise 1000000 repeat 3
