stages dense 10000 repeat 1
stages forces 10000 repeat 1
stages churn 10000 repeat 1
stages burst 10000 repeat 1
stages sparse 10000 repeat 1
stages sparse_control 10000 repeat 1
stages sort 10000 repeat 1
stages bloom 10000 repeat 1
stages refraction_simple 10000 repeat 1
stages refraction_depth 10000 repeat 1
stages refraction_noise 10000 repeat 1
stages dense 100000 repeat 1
stages forces 100000 repeat 1
stages churn 100000 repeat 1
stages burst 100000 repeat 1
stages sparse 100000 repeat 1
stages sparse_control 100000 repeat 1
stages sort 100000 repeat 1
stages bloom 100000 repeat 1
stages refraction_simple 100000 repeat 1
stages refraction_depth 100000 repeat 1
stages refraction_noise 100000 repeat 1
stages dense 1000000 repeat 1
stages forces 1000000 repeat 1
stages churn 1000000 repeat 1
stages burst 1000000 repeat 1
stages sparse 1000000 repeat 1
stages sparse_control 1000000 repeat 1
stages sort 1000000 repeat 1
stages bloom 1000000 repeat 1
stages refraction_simple 1000000 repeat 1
stages refraction_depth 1000000 repeat 1
stages refraction_noise 1000000 repeat 1
stages refraction_noise 10000 repeat 2
stages refraction_depth 10000 repeat 2
stages refraction_simple 10000 repeat 2
stages bloom 10000 repeat 2
stages sort 10000 repeat 2
stages sparse_control 10000 repeat 2
stages sparse 10000 repeat 2
stages burst 10000 repeat 2
stages churn 10000 repeat 2
stages forces 10000 repeat 2
stages dense 10000 repeat 2
stages refraction_noise 100000 repeat 2
stages refraction_depth 100000 repeat 2
stages refraction_simple 100000 repeat 2
stages bloom 100000 repeat 2
stages sort 100000 repeat 2
stages sparse_control 100000 repeat 2
stages sparse 100000 repeat 2
stages burst 100000 repeat 2
stages churn 100000 repeat 2
stages forces 100000 repeat 2
stages dense 100000 repeat 2
stages refraction_noise 1000000 repeat 2
stages refraction_depth 1000000 repeat 2
stages refraction_simple 1000000 repeat 2
stages bloom 1000000 repeat 2
stages sort 1000000 repeat 2
stages sparse_control 1000000 repeat 2
stages sparse 1000000 repeat 2
stages burst 1000000 repeat 2
stages churn 1000000 repeat 2
stages forces 1000000 repeat 2
stages dense 1000000 repeat 2
stages dense 10000 repeat 3
stages forces 10000 repeat 3
stages churn 10000 repeat 3
stages burst 10000 repeat 3
stages sparse 10000 repeat 3
stages sparse_control 10000 repeat 3
stages sort 10000 repeat 3
stages bloom 10000 repeat 3
stages refraction_simple 10000 repeat 3
stages refraction_depth 10000 repeat 3
stages refraction_noise 10000 repeat 3
stages dense 100000 repeat 3
stages forces 100000 repeat 3
stages churn 100000 repeat 3
stages burst 100000 repeat 3
stages sparse 100000 repeat 3
stages sparse_control 100000 repeat 3
stages sort 100000 repeat 3
stages bloom 100000 repeat 3
stages refraction_simple 100000 repeat 3
stages refraction_depth 100000 repeat 3
stages refraction_noise 100000 repeat 3
stages dense 1000000 repeat 3
stages forces 1000000 repeat 3
stages churn 1000000 repeat 3
stages burst 1000000 repeat 3
stages sparse 1000000 repeat 3
stages sparse_control 1000000 repeat 3
stages sort 1000000 repeat 3
stages bloom 1000000 repeat 3
stages refraction_simple 1000000 repeat 3
stages refraction_depth 1000000 repeat 3
stages refraction_noise 1000000 repeat 3
